// Jest Snapshot v1, https://goo.gl/fbAQLP

exports[`<Card /> snapshots renders correctly 1`] = `
<RX.View
  onLayout={[Function]}
  onPress={[Function]}
  style={
    Array [
      Object {
        "alignItems": "flex-end",
        "backgroundColor": "#DDD",
        "borderColor": "rgba(128, 128, 128, 0.5)",
        "borderRadius": 5,
        "borderWidth": 1,
        "elevation": 6,
        "flex": 1,
        "flexDirection": "column",
        "justifyContent": "flex-end",
        "margin": 5,
        "overflow": "hidden",
        "shadowColor": "#000",
        "shadowOffset": Object {
          "height": 10,
          "width": 0,
        },
        "shadowOpacity": 10,
        "shadowRadius": 10,
      },
      Object {
        "height": -7.5,
      },
    ]
  }
>
  <RX.Image
    resizeMethod="scale"
    resizeMode="cover"
    source="https://gdb.voanews.com/3E1C440D-1C78-4B88-84F7-ECB12FB5B874_cx3_cy0_cw97_w650_r1.png"
    style={
      Object {
        "bottom": 0,
        "left": 0,
        "position": "absolute",
        "right": 0,
        "top": 0,
      }
    }
  />
  <RX.View
    style={
      Object {
        "flexDirection": "row",
      }
    }
  >
    <LinearGradient
      colors={
        Array [
          "transparent",
          "rgba(0, 0, 0, 0.8)",
        ]
      }
      style={
        Object {
          "flex": 1,
          "padding": 8,
          "paddingTop": 30,
        }
      }
    >
      <RX.Text
        style={
          Array [
            Object {
              "backgroundColor": "transparent",
              "color": "#FFF",
              "paddingBottom": 5,
            },
            Object {
              "fontSize": NaN,
            },
          ]
        }
      >
        15:08
      </RX.Text>
      <RX.Text
        style={
          Array [
            Object {
              "backgroundColor": "transparent",
              "color": "#FFF",
              "fontWeight": "bold",
            },
            Object {
              "fontSize": NaN,
            },
          ]
        }
      >
        Pressident Trump: From North Korea to Iran, we confront dangerous governments
      </RX.Text>
    </LinearGradient>
  </RX.View>
</RX.View>
`;
