// Jest Snapshot v1, https://goo.gl/fbAQLP

exports[`<StaticTicketList /> shapshots should not throw if items is undefined 1`] = `
<div
  className="ticketList"
>
  
</div>
`;

exports[`<StaticTicketList /> shapshots should render all of the items 1`] = `
<div
  className="ticketList"
>
  <div
    className="row"
  >
    <div
      className="ticket"
      onClick={[Function]}
      style={
        Object {
          "height": 80,
          "padding": 12,
        }
      }
    >
      <div
        alwaysShow={true}
        className="imageArea"
        onLoadDone={[Function]}
        src="https://gdb.voanews.com/3E1C440D-1C78-4B88-84F7-ECB12FB5B874_cx3_cy0_cw97_w650_r1.png"
      />
      <div
        className="content"
      >
        <div
          className="textContent"
        >
          <div
            className="titleText"
          >
            President Trump: From North Korea to Iran, we confront dangerous governments
          </div>
        </div>
        <div
          className="minorText"
        >
          15:08
        </div>
      </div>
    </div>
  </div>
  <div
    className="row"
  >
    <div
      className="ticket"
      onClick={[Function]}
      style={
        Object {
          "height": 80,
          "padding": 12,
        }
      }
    >
      <div
        alwaysShow={true}
        className="imageArea"
        onLoadDone={[Function]}
        src="https://gdb.voanews.com/3E1C440D-1C78-4B88-84F7-ECB12FB5B874_cx3_cy0_cw97_w650_r1.png"
      />
      <div
        className="content"
      >
        <div
          className="textContent"
        >
          <div
            className="titleText"
          >
            President Trump: From North Korea to Iran, we confront dangerous governments
          </div>
        </div>
        <div
          className="minorText"
        >
          15:08
        </div>
      </div>
    </div>
  </div>
  <div
    className="row"
  >
    <div
      className="ticket"
      onClick={[Function]}
      style={
        Object {
          "height": 80,
          "padding": 12,
        }
      }
    >
      <div
        alwaysShow={true}
        className="imageArea"
        onLoadDone={[Function]}
        src="https://gdb.voanews.com/3E1C440D-1C78-4B88-84F7-ECB12FB5B874_cx3_cy0_cw97_w650_r1.png"
      />
      <div
        className="content"
      >
        <div
          className="textContent"
        >
          <div
            className="titleText"
          >
            President Trump: From North Korea to Iran, we confront dangerous governments
          </div>
        </div>
        <div
          className="minorText"
        >
          15:08
        </div>
      </div>
    </div>
  </div>
  <div
    className="row"
  >
    <div
      className="ticket"
      onClick={[Function]}
      style={
        Object {
          "height": 80,
          "padding": 12,
        }
      }
    >
      <div
        alwaysShow={true}
        className="imageArea"
        onLoadDone={[Function]}
        src="https://gdb.voanews.com/3E1C440D-1C78-4B88-84F7-ECB12FB5B874_cx3_cy0_cw97_w650_r1.png"
      />
      <div
        className="content"
      >
        <div
          className="textContent"
        >
          <div
            className="titleText"
          >
            President Trump: From North Korea to Iran, we confront dangerous governments
          </div>
        </div>
        <div
          className="minorText"
        >
          15:08
        </div>
      </div>
    </div>
  </div>
  <div
    className="row"
  >
    <div
      className="ticket"
      onClick={[Function]}
      style={
        Object {
          "height": 80,
          "padding": 12,
        }
      }
    >
      <div
        alwaysShow={true}
        className="imageArea"
        onLoadDone={[Function]}
        src="https://gdb.voanews.com/3E1C440D-1C78-4B88-84F7-ECB12FB5B874_cx3_cy0_cw97_w650_r1.png"
      />
      <div
        className="content"
      >
        <div
          className="textContent"
        >
          <div
            className="titleText"
          >
            President Trump: From North Korea to Iran, we confront dangerous governments
          </div>
        </div>
        <div
          className="minorText"
        >
          15:08
        </div>
      </div>
    </div>
  </div>
  <div
    className="row"
  >
    <div
      className="ticket"
      onClick={[Function]}
      style={
        Object {
          "height": 80,
          "padding": 12,
        }
      }
    >
      <div
        alwaysShow={true}
        className="imageArea"
        onLoadDone={[Function]}
        src="https://gdb.voanews.com/3E1C440D-1C78-4B88-84F7-ECB12FB5B874_cx3_cy0_cw97_w650_r1.png"
      />
      <div
        className="content"
      >
        <div
          className="textContent"
        >
          <div
            className="titleText"
          >
            President Trump: From North Korea to Iran, we confront dangerous governments
          </div>
        </div>
        <div
          className="minorText"
        >
          15:08
        </div>
      </div>
    </div>
  </div>
  <div
    className="row"
  >
    <div
      className="ticket"
      onClick={[Function]}
      style={
        Object {
          "height": 80,
          "padding": 12,
        }
      }
    >
      <div
        alwaysShow={true}
        className="imageArea"
        onLoadDone={[Function]}
        src="https://gdb.voanews.com/3E1C440D-1C78-4B88-84F7-ECB12FB5B874_cx3_cy0_cw97_w650_r1.png"
      />
      <div
        className="content"
      >
        <div
          className="textContent"
        >
          <div
            className="titleText"
          >
            President Trump: From North Korea to Iran, we confront dangerous governments
          </div>
        </div>
        <div
          className="minorText"
        >
          15:08
        </div>
      </div>
    </div>
  </div>
  <div
    className="row"
  >
    <div
      className="ticket"
      onClick={[Function]}
      style={
        Object {
          "height": 80,
          "padding": 12,
        }
      }
    >
      <div
        alwaysShow={true}
        className="imageArea"
        onLoadDone={[Function]}
        src="https://gdb.voanews.com/3E1C440D-1C78-4B88-84F7-ECB12FB5B874_cx3_cy0_cw97_w650_r1.png"
      />
      <div
        className="content"
      >
        <div
          className="textContent"
        >
          <div
            className="titleText"
          >
            President Trump: From North Korea to Iran, we confront dangerous governments
          </div>
        </div>
        <div
          className="minorText"
        >
          15:08
        </div>
      </div>
    </div>
  </div>
  <div
    className="row"
  >
    <div
      className="ticket"
      onClick={[Function]}
      style={
        Object {
          "height": 80,
          "padding": 12,
        }
      }
    >
      <div
        alwaysShow={true}
        className="imageArea"
        onLoadDone={[Function]}
        src="https://gdb.voanews.com/3E1C440D-1C78-4B88-84F7-ECB12FB5B874_cx3_cy0_cw97_w650_r1.png"
      />
      <div
        className="content"
      >
        <div
          className="textContent"
        >
          <div
            className="titleText"
          >
            President Trump: From North Korea to Iran, we confront dangerous governments
          </div>
        </div>
        <div
          className="minorText"
        >
          15:08
        </div>
      </div>
    </div>
  </div>
  <div
    className="row"
  >
    <div
      className="ticket"
      onClick={[Function]}
      style={
        Object {
          "height": 80,
          "padding": 12,
        }
      }
    >
      <div
        alwaysShow={true}
        className="imageArea"
        onLoadDone={[Function]}
        src="https://gdb.voanews.com/3E1C440D-1C78-4B88-84F7-ECB12FB5B874_cx3_cy0_cw97_w650_r1.png"
      />
      <div
        className="content"
      >
        <div
          className="textContent"
        >
          <div
            className="titleText"
          >
            President Trump: From North Korea to Iran, we confront dangerous governments
          </div>
        </div>
        <div
          className="minorText"
        >
          15:08
        </div>
      </div>
    </div>
  </div>
</div>
`;

exports[`<StaticTicketList /> shapshots should render nothing if no items 1`] = `
<div
  className="ticketList"
>
  
</div>
`;
