// Jest Snapshot v1, https://goo.gl/fbAQLP

exports[`<TopNav /> shapshots should render empty 1`] = `
<div
  className="topNav"
  style={
    Object {
      "background": "#000000",
      "color": "#000000",
    }
  }
>
  <div
    className="itemContainer"
  >
    <div
      className="innerContainer"
    >
      <div
        className="topNavItem"
      >
         
      </div>
    </div>
    <div
      className="fadeout"
      style={
        Object {
          "backgroundImage": "linear-gradient(90deg, rgba(0, 0, 0, 0), rgba(0, 0, 0, 0.9) 90%)",
        }
      }
    />
  </div>
</div>
`;

exports[`<TopNav /> shapshots should render with the given children 1`] = `
<div
  className="topNav"
  style={
    Object {
      "background": "#000000",
      "color": "#000000",
    }
  }
>
  <div
    className="itemContainer"
  >
    <div
      className="innerContainer"
    >
      <div
        className="topNavItem"
      >
         
      </div>
    </div>
    <div
      className="fadeout"
      style={
        Object {
          "backgroundImage": "linear-gradient(90deg, rgba(0, 0, 0, 0), rgba(0, 0, 0, 0.9) 90%)",
        }
      }
    />
  </div>
</div>
`;
